// Jest Snapshot v1, https://goo.gl/fbAQLP

exports[`Tests should mount without crashing 1`] = `
<div>
  <div class="row">
    <div class="col col-12">
      <div class="v-input theme--light v-text-field">
        <div class="v-input__control">
          <div class="v-input__slot">
            <div class="v-text-field__slot"><label for="input-3" class="v-label theme--light" style="left: 0px; position: absolute;">Count</label><input id="input-3" type="text"></div>
          </div>
          <div class="v-text-field__details">
            <div class="v-messages theme--light">
              <div class="v-messages__wrapper"></div>
            </div>
          </div>
        </div>
      </div>
    </div>
  </div>
  <div class="row">
    <div class="col col-12">
      <div class="v-menu">
        <div class="v-input v-input--is-readonly theme--light v-text-field">
          <div class="v-input__prepend-outer">
            <div class="v-input__icon v-input__icon--prepend"><i aria-hidden="true" class="v-icon notranslate mdi mdi-calendar theme--light"></i></div>
          </div>
          <div class="v-input__control">
            <div class="v-input__slot">
              <div class="v-text-field__slot"><label for="input-7" class="v-label theme--light" style="left: 0px; position: absolute;">Date</label><input id="input-7" readonly="readonly" type="text"></div>
            </div>
            <div class="v-text-field__details">
              <div class="v-messages theme--light">
                <div class="v-messages__wrapper"></div>
              </div>
            </div>
          </div>
        </div>
        <!---->
      </div>
    </div>
  </div>
  <div class="row">
    <div class="col col-12">
      <div class="v-input theme--light v-text-field">
        <div class="v-input__control">
          <div class="v-input__slot">
            <div class="v-text-field__slot"><label for="input-11" class="v-label theme--light" style="left: 0px; position: absolute;">Name</label><input id="input-11" type="text"></div>
          </div>
          <div class="v-text-field__details">
            <div class="v-messages theme--light">
              <div class="v-messages__wrapper"></div>
            </div>
          </div>
        </div>
      </div>
    </div>
  </div>
  <div class="row">
    <div class="col col-12">
      <div class="v-input theme--light v-input--selection-controls v-input--switch">
        <div class="v-input__control">
          <div class="v-input__slot">
            <div class="v-input--selection-controls__input"><input aria-checked="false" id="input-14" role="switch" type="checkbox" aria-disabled="false" value="">
              <div class="v-input--selection-controls__ripple"></div>
              <div class="v-input--switch__track theme--light"></div>
              <div class="v-input--switch__thumb theme--light">
                <!---->
              </div>
            </div><label for="input-14" class="v-label theme--light" style="left: 0px; position: relative;">Active</label>
          </div>
          <div class="v-messages theme--light">
            <div class="v-messages__wrapper"></div>
          </div>
        </div>
      </div>
    </div>
  </div>
</div>
`;
